// Jest Snapshot v1, https://goo.gl/fbAQLP

exports[`GifExpertApp tests should first 1`] = `
<div>
  <h1>
    Gif expert app by Rivers
  </h1>
  <form
    aria-label="gifsForm"
  >
    <input
      placeholder="Buscar gifs"
      type="text"
      value=""
    />
  </form>
  <h3>
    Naruto
  </h3>
  <h2>
    Cargando...
  </h2>
  <div
    class="card-grid"
  />
</div>
`;
